
> temp-app@0.1.0 build
> next build

node.exe : ΓÜá 
Warning: Next.js 
inferred your 
workspace root, but 
it may not be 
correct.
At C:\Program Files\n
odejs\npm.ps1:29 
char:3
+   & $NODE_EXE 
$NPM_CLI_JS $args
+   ~~~~~~~~~~~~~~~~~
~~~~~~~~~~~~
    + CategoryInfo   
           : 
NotSpecifi    ed: 
(ΓÜá Warning:     
Ne...not be correc   
 t.:String) [], Rem  
  oteException
    + 
FullyQualifiedEr    
rorId : NativeComm   
 andError
 
 We detected 
multiple lockfiles 
and selected the 
directory of C:\Users
\Lenovo\package-lock.
json as the root 
directory.
 To silence this 
warning, set 
`turbopack.root` in 
your Next.js config, 
or consider removing 
one of the lockfiles 
if it's not needed.
   See https://nextjs
.org/docs/app/api-ref
erence/config/next-co
nfig-js/turbopack#roo
t-directory for more 
information.
 Detected additional 
lockfiles: 
   * C:\Users\Lenovo\
Desktop\Portfolio\pnp
m-lock.yaml

Γû▓ Next.js 16.1.4 (Turbopack)
- Environments: .env.local

  Creating an optimized production build ...
Γ£ô Compiled successfully in 5.3s
  Running TypeScript ...
  Collecting page data using 15 workers ...
ΓÜá Using edge 
runtime on a page 
currently disables 
static generation 
for that page
  Generating static pages using 15 workers (0/9) ...
  Generating static pages using 15 workers (2/9) 
Error occurred 
prerendering page 
"/dashboard/create". 
Read more: https://ne
xtjs.org/docs/message
s/prerender-error
ReferenceError: 
handleSubmit is not 
defined
    at s (C:\Users\Le
novo\Desktop\Portfoli
o\.next\server\chunks
\ssr\Desktop_Portfoli
o_158cfa21._.js:1:999
8) {
  digest: 
'4179280277'
}
Export encountered 
an error on /dashboar
d/create/page: 
/dashboard/create, 
exiting the build.
Γ¿» Next.js build 
worker exited with 
code: 1 and signal: 
null
